2026-06-01T16:19:30.832+05:30  INFO 10292 --- [restartedMain] com.msedcl.main.customer.Application     : Starting Application using Java 25.0.1 with PID 10292 (C:\Training\Spring Boot\02_CustomerService\target\classes started by student5 in C:\Training\Spring Boot\02_CustomerService)
2026-06-01T16:19:30.833+05:30  INFO 10292 --- [restartedMain] com.msedcl.main.customer.Application     : No active profile set, falling back to 1 default profile: "default"
2026-06-01T16:19:30.984+05:30  INFO 10292 --- [restartedMain] .s.d.r.c.RepositoryConfigurationDelegate : Bootstrapping Spring Data JPA repositories in DEFAULT mode.
2026-06-01T16:19:30.995+05:30  INFO 10292 --- [restartedMain] .s.d.r.c.RepositoryConfigurationDelegate : Finished Spring Data repository scanning in 9 ms. Found 1 JPA repository interface.
2026-06-01T16:19:31.085+05:30  INFO 10292 --- [restartedMain] o.s.boot.tomcat.TomcatWebServer          : Tomcat initialized with port 8080 (http)
2026-06-01T16:19:31.087+05:30  INFO 10292 --- [restartedMain] o.apache.catalina.core.StandardService   : Starting service [Tomcat]
2026-06-01T16:19:31.087+05:30  INFO 10292 --- [restartedMain] o.apache.catalina.core.StandardEngine    : Starting Servlet engine: [Apache Tomcat/11.0.21]
2026-06-01T16:19:31.112+05:30  INFO 10292 --- [restartedMain] b.w.c.s.WebApplicationContextInitializer : Root WebApplicationContext: initialization completed in 277 ms
2026-06-01T16:19:31.151+05:30  INFO 10292 --- [restartedMain] com.zaxxer.hikari.HikariDataSource       : HikariPool-25 - Starting...
2026-06-01T16:19:31.168+05:30  INFO 10292 --- [restartedMain] com.zaxxer.hikari.pool.HikariPool        : HikariPool-25 - Added connection com.mysql.cj.jdbc.ConnectionImpl@59aa3410
2026-06-01T16:19:31.168+05:30  INFO 10292 --- [restartedMain] com.zaxxer.hikari.HikariDataSource       : HikariPool-25 - Start completed.
2026-06-01T16:19:31.170+05:30  INFO 10292 --- [restartedMain] org.hibernate.orm.jpa                    : HHH008540: Processing PersistenceUnitInfo [name: default]
2026-06-01T16:19:31.219+05:30  INFO 10292 --- [restartedMain] o.s.o.j.p.SpringPersistenceUnitInfo      : No LoadTimeWeaver setup: ignoring JPA class transformer
2026-06-01T16:19:31.223+05:30  INFO 10292 --- [restartedMain] org.hibernate.orm.connections.pooling    : HHH10001005: Database info:
	Database JDBC URL [jdbc:mysql://localhost:3306/customer_db]
	Database driver: MySQL Connector/J
	Database dialect: MySQLDialect
	Database version: 8.0.45
	Default catalog/schema: customer_db/undefined
	Autocommit mode: undefined/unknown
	Isolation level: REPEATABLE_READ [default REPEATABLE_READ]
	JDBC fetch size: none
	Pool: DataSourceConnectionProvider
	Minimum pool size: undefined/unknown
	Maximum pool size: undefined/unknown
2026-06-01T16:19:31.273+05:30  INFO 10292 --- [restartedMain] org.hibernate.orm.core                   : HHH000489: No JTA platform available (set 'hibernate.transaction.jta.platform' to enable JTA platform integration)
2026-06-01T16:19:31.274+05:30  INFO 10292 --- [restartedMain] j.LocalContainerEntityManagerFactoryBean : Initialized JPA EntityManagerFactory for persistence unit 'default'
2026-06-01T16:19:31.362+05:30  WARN 10292 --- [restartedMain] JpaBaseConfiguration$JpaWebConfiguration : spring.jpa.open-in-view is enabled by default. Therefore, database queries may be performed during view rendering. Explicitly configure spring.jpa.open-in-view to disable this warning
2026-06-01T16:19:31.496+05:30  INFO 10292 --- [restartedMain] o.s.boot.tomcat.TomcatWebServer          : Tomcat started on port 8080 (http) with context path '/'
2026-06-01T16:19:31.501+05:30  INFO 10292 --- [restartedMain] com.msedcl.main.customer.Application     : Started Application in 0.714 seconds (process running for 6627.691)
2026-06-01T16:19:31.506+05:30  INFO 10292 --- [restartedMain] .ConditionEvaluationDeltaLoggingListener : Condition evaluation unchanged
2026-06-01T16:19:33.899+05:30  INFO 10292 --- [File Watcher] rtingClassPathChangeChangedEventListener : Restarting due to 1 class path change (0 additions, 0 deletions, 1 modification)
2026-06-01T16:19:33.900+05:30  INFO 10292 --- [Thread-96] o.s.boot.tomcat.GracefulShutdown         : Commencing graceful shutdown. Waiting for active requests to complete
2026-06-01T16:19:33.903+05:30  INFO 10292 --- [tomcat-shutdown] o.s.boot.tomcat.GracefulShutdown         : Graceful shutdown complete
2026-06-01T16:19:33.905+05:30  INFO 10292 --- [Thread-96] j.LocalContainerEntityManagerFactoryBean : Closing JPA EntityManagerFactory for persistence unit 'default'
2026-06-01T16:19:33.906+05:30  INFO 10292 --- [Thread-96] com.zaxxer.hikari.HikariDataSource       : HikariPool-25 - Shutdown initiated...
2026-06-01T16:19:33.911+05:30  INFO 10292 --- [Thread-96] com.zaxxer.hikari.HikariDataSource       : HikariPool-25 - Shutdown completed.
2026-06-01T16:19:34.005+05:30  INFO 10292 --- [restartedMain] com.msedcl.main.customer.Application     : Starting Application using Java 25.0.1 with PID 10292 (C:\Training\Spring Boot\02_CustomerService\target\classes started by student5 in C:\Training\Spring Boot\02_CustomerService)
2026-06-01T16:19:34.006+05:30  INFO 10292 --- [restartedMain] com.msedcl.main.customer.Application     : No active profile set, falling back to 1 default profile: "default"
2026-06-01T16:19:34.153+05:30  INFO 10292 --- [restartedMain] .s.d.r.c.RepositoryConfigurationDelegate : Bootstrapping Spring Data JPA repositories in DEFAULT mode.
2026-06-01T16:19:34.163+05:30  INFO 10292 --- [restartedMain] .s.d.r.c.RepositoryConfigurationDelegate : Finished Spring Data repository scanning in 8 ms. Found 1 JPA repository interface.
2026-06-01T16:19:34.231+05:30  INFO 10292 --- [restartedMain] o.s.boot.tomcat.TomcatWebServer          : Tomcat initialized with port 8080 (http)
2026-06-01T16:19:34.232+05:30  INFO 10292 --- [restartedMain] o.apache.catalina.core.StandardService   : Starting service [Tomcat]
2026-06-01T16:19:34.232+05:30  INFO 10292 --- [restartedMain] o.apache.catalina.core.StandardEngine    : Starting Servlet engine: [Apache Tomcat/11.0.21]
2026-06-01T16:19:34.255+05:30  INFO 10292 --- [restartedMain] b.w.c.s.WebApplicationContextInitializer : Root WebApplicationContext: initialization completed in 247 ms
2026-06-01T16:19:34.284+05:30  INFO 10292 --- [restartedMain] com.zaxxer.hikari.HikariDataSource       : HikariPool-26 - Starting...
2026-06-01T16:19:34.300+05:30  INFO 10292 --- [restartedMain] com.zaxxer.hikari.pool.HikariPool        : HikariPool-26 - Added connection com.mysql.cj.jdbc.ConnectionImpl@9a81f6e
2026-06-01T16:19:34.301+05:30  INFO 10292 --- [restartedMain] com.zaxxer.hikari.HikariDataSource       : HikariPool-26 - Start completed.
2026-06-01T16:19:34.302+05:30  INFO 10292 --- [restartedMain] org.hibernate.orm.jpa                    : HHH008540: Processing PersistenceUnitInfo [name: default]
2026-06-01T16:19:34.337+05:30  INFO 10292 --- [restartedMain] o.s.o.j.p.SpringPersistenceUnitInfo      : No LoadTimeWeaver setup: ignoring JPA class transformer
2026-06-01T16:19:34.339+05:30  INFO 10292 --- [restartedMain] org.hibernate.orm.connections.pooling    : HHH10001005: Database info:
	Database JDBC URL [jdbc:mysql://localhost:3306/customer_db]
	Database driver: MySQL Connector/J
	Database dialect: MySQLDialect
	Database version: 8.0.45
	Default catalog/schema: customer_db/undefined
	Autocommit mode: undefined/unknown
	Isolation level: REPEATABLE_READ [default REPEATABLE_READ]
	JDBC fetch size: none
	Pool: DataSourceConnectionProvider
	Minimum pool size: undefined/unknown
	Maximum pool size: undefined/unknown
2026-06-01T16:19:34.391+05:30  INFO 10292 --- [restartedMain] org.hibernate.orm.core                   : HHH000489: No JTA platform available (set 'hibernate.transaction.jta.platform' to enable JTA platform integration)
2026-06-01T16:19:34.392+05:30  INFO 10292 --- [restartedMain] j.LocalContainerEntityManagerFactoryBean : Initialized JPA EntityManagerFactory for persistence unit 'default'
2026-06-01T16:19:34.479+05:30  WARN 10292 --- [restartedMain] JpaBaseConfiguration$JpaWebConfiguration : spring.jpa.open-in-view is enabled by default. Therefore, database queries may be performed during view rendering. Explicitly configure spring.jpa.open-in-view to disable this warning
2026-06-01T16:19:34.562+05:30  INFO 10292 --- [restartedMain] o.s.boot.tomcat.TomcatWebServer          : Tomcat started on port 8080 (http) with context path '/'
2026-06-01T16:19:34.566+05:30  INFO 10292 --- [restartedMain] com.msedcl.main.customer.Application     : Started Application in 0.588 seconds (process running for 6630.756)
2026-06-01T16:19:34.567+05:30  INFO 10292 --- [restartedMain] .ConditionEvaluationDeltaLoggingListener : Condition evaluation unchanged
2026-06-01T16:42:34.483+05:30  INFO 10292 --- [http-nio-8080-exec-2] o.a.c.c.C.[Tomcat-1].[localhost].[/]     : Initializing Spring DispatcherServlet 'dispatcherServlet'
2026-06-01T16:42:34.484+05:30  INFO 10292 --- [http-nio-8080-exec-2] o.s.web.servlet.DispatcherServlet        : Initializing Servlet 'dispatcherServlet'
2026-06-01T16:42:34.485+05:30  INFO 10292 --- [http-nio-8080-exec-2] o.s.web.servlet.DispatcherServlet        : Completed initialization in 1 ms
2026-06-01T16:42:34.490+05:30  INFO 10292 --- [http-nio-8080-exec-2] c.m.m.c.controller.CustomerController    : Request received to retrive all customer details
2026-06-01T16:42:34.499+05:30  INFO 10292 --- [http-nio-8080-exec-2] c.m.m.c.controller.CustomerController    : All Customers retrived successfully
2026-06-01T16:42:34.501+05:30  INFO 10292 --- [http-nio-8080-exec-2] c.m.m.c.controller.CustomerController    : CustomerResponseDTO(customerId=1, name=Seema, email=seema@gmail.com, mobileNumber=9876543210)
2026-06-01T16:42:34.502+05:30  INFO 10292 --- [http-nio-8080-exec-2] c.m.m.c.controller.CustomerController    : CustomerResponseDTO(customerId=2, name=Reema, email=reema@gmail.com, mobileNumber=1234567890)
2026-06-01T16:42:34.502+05:30  INFO 10292 --- [http-nio-8080-exec-2] c.m.m.c.controller.CustomerController    : CustomerResponseDTO(customerId=3, name=Roma Rao, email=roma@gmail.com, mobileNumber=1122334455)
2026-06-01T16:42:34.502+05:30  INFO 10292 --- [http-nio-8080-exec-2] c.m.m.c.controller.CustomerController    : CustomerResponseDTO(customerId=4, name=Soha, email=soha@gmail.com, mobileNumber=1234567890)
2026-06-01T16:45:52.376+05:30  INFO 10292 --- [http-nio-8080-exec-5] c.m.m.c.controller.CustomerController    : Request received to retrive customer details
2026-06-01T16:45:52.376+05:30  INFO 10292 --- [http-nio-8080-exec-5] c.m.m.c.controller.CustomerController    : CustomerId :: 2
2026-06-01T16:45:52.383+05:30  INFO 10292 --- [http-nio-8080-exec-5] c.m.m.c.controller.CustomerController    : Customer details retrived successfully
2026-06-01T16:45:52.383+05:30  INFO 10292 --- [http-nio-8080-exec-5] c.m.m.c.controller.CustomerController    : CustomerResponseDTO(customerId=2, name=Reema, email=reema@gmail.com, mobileNumber=1234567890)
2026-06-01T16:46:51.130+05:30  INFO 10292 --- [http-nio-8080-exec-6] c.m.m.c.controller.CustomerController    : Request received to add new customer
2026-06-01T16:46:51.132+05:30  INFO 10292 --- [http-nio-8080-exec-6] c.m.m.c.controller.CustomerController    : CustomerRequestDTO(name=Shailesh, email=shailesh@gmail.com, mobileNumber=1234567890)
2026-06-01T16:46:51.148+05:30  INFO 10292 --- [http-nio-8080-exec-6] c.m.m.c.controller.CustomerController    : New customer added successfully
2026-06-01T16:46:51.148+05:30  INFO 10292 --- [http-nio-8080-exec-6] c.m.m.c.controller.CustomerController    : CustomerResponseDTO(customerId=5, name=Shailesh, email=shailesh@gmail.com, mobileNumber=1234567890)
2026-06-01T16:47:27.034+05:30  INFO 10292 --- [http-nio-8080-exec-7] c.m.m.c.controller.CustomerController    : Request received to retrive customer details
2026-06-01T16:47:27.034+05:30  INFO 10292 --- [http-nio-8080-exec-7] c.m.m.c.controller.CustomerController    : Email :: reema@gmail.com
2026-06-01T16:47:27.314+05:30  INFO 10292 --- [http-nio-8080-exec-7] c.m.m.c.controller.CustomerController    : Customer details retrived successfully
2026-06-01T16:47:27.315+05:30  INFO 10292 --- [http-nio-8080-exec-7] c.m.m.c.controller.CustomerController    : CustomerResponseDTO(customerId=2, name=Reema, email=reema@gmail.com, mobileNumber=1234567890)
2026-06-01T17:11:33.664+05:30  INFO 10292 --- [RMI TCP Connection(241)-127.0.0.1] inMXBeanRegistrar$SpringApplicationAdmin : Application shutdown requested.
2026-06-01T17:11:33.665+05:30  INFO 10292 --- [RMI TCP Connection(241)-127.0.0.1] o.s.boot.tomcat.GracefulShutdown         : Commencing graceful shutdown. Waiting for active requests to complete
2026-06-01T17:11:33.668+05:30  INFO 10292 --- [tomcat-shutdown] o.s.boot.tomcat.GracefulShutdown         : Graceful shutdown complete
2026-06-01T17:11:33.671+05:30  INFO 10292 --- [RMI TCP Connection(241)-127.0.0.1] j.LocalContainerEntityManagerFactoryBean : Closing JPA EntityManagerFactory for persistence unit 'default'
2026-06-01T17:11:33.673+05:30  INFO 10292 --- [RMI TCP Connection(241)-127.0.0.1] com.zaxxer.hikari.HikariDataSource       : HikariPool-26 - Shutdown initiated...
2026-06-01T17:11:33.677+05:30  INFO 10292 --- [RMI TCP Connection(241)-127.0.0.1] com.zaxxer.hikari.HikariDataSource       : HikariPool-26 - Shutdown completed.
